hallo world
i am coming
first
